// Jest Snapshot v1, https://goo.gl/fbAQLP

exports[`extractPDFCharCount should extract number of characters per page 1`] = `
Array [
  3000,
  5306,
  9082,
  13060,
  16706,
  20821,
  25203,
  29576,
  32965,
  37123,
  41069,
  44835,
  47646,
  51293,
  54984,
  58444,
  62773,
  66968,
  71390,
  74972,
  78732,
  81977,
  85916,
  90009,
  94267,
  98232,
  103120,
  107698,
  109648,
]
`;
